/Users/jianxun/workspace/mbook/release/MagicBook-darwin-x64/MagicBook.app/Contents/MacOS/MagicBook,./example/